// Jest Snapshot v1, https://goo.gl/fbAQLP

exports[`#render it renders correctly 1`] = `
<Revalidation_(PasswordForm)
  errors={Object {}}
  initialState={
    Object {
      "currentPassword": "",
      "password": "",
      "passwordConfirmation": "",
    }
  }
  onSubmit={[Function]}
  rules={
    Object {
      "currentPassword": Array [
        Array [
          [Function],
          undefined,
        ],
      ],
      "password": Array [
        Array [
          [Function],
          undefined,
        ],
        Array [
          [Function],
          undefined,
        ],
      ],
      "passwordConfirmation": Array [
        Array [
          [Function],
          undefined,
        ],
        Array [
          [Function],
          undefined,
        ],
      ],
    }
  }
  t={[Function]}
  updatePassword={[Function]}
  validateOnChange={true}
  validateSingle={true}
/>
`;
