// Jest Snapshot v1, https://goo.gl/fbAQLP

exports[`#render it renders correctly 1`] = `
<FakeComponent
  categories={
    Array [
      Object {
        "applications": Array [],
        "id": 1,
        "title": "Test1",
      },
      Object {
        "applications": Array [],
        "id": 2,
        "title": "Test2",
      },
    ]
  }
  collapse={[Function]}
  expand={[Function]}
/>
`;
