// Jest Snapshot v1, https://goo.gl/fbAQLP

exports[`#render it renders correctly 1`] = `
<Translate(FavoritesContainer)
  dispatch={[Function]}
  favorites={
    Array [
      Object {
        "application": Object {
          "id": 1,
          "title": "Hello World",
        },
        "application_id": 1,
        "id": 1,
      },
    ]
  }
  t={[Function]}
/>
`;
