// Jest Snapshot v1, https://goo.gl/fbAQLP

exports[`#render it renders correctly 1`] = `
<HeaderContainer
  currentUser={
    Object {
      "id": Symbol(userId),
    }
  }
  fixed={false}
  searchApplications={
    Array [
      Object {
        "id": 1,
        "title": "Test1",
      },
    ]
  }
  searchCategories={
    Array [
      Object {
        "id": 2,
        "title": "Test2",
      },
    ]
  }
  searchFetch={[Function]}
  signOut={[Function]}
  toggleProfileModal={[Function]}
  toggleSubmitApplicationModal={[Function]}
/>
`;
