// Jest Snapshot v1, https://goo.gl/fbAQLP

exports[`#render it renders correctly 1`] = `
<div>
  <Translate(Header)
    openProfile={[Function]}
    openSubmitApplication={[Function]}
    t={[Function]}
    toggleProfileModal={[Function]}
    toggleSubmitApplicationModal={[Function]}
  />
  <Connect(Translate(ProfileContainer)) />
  <Connect(SubmitApplicationModalContainer) />
</div>
`;
