// Jest Snapshot v1, https://goo.gl/fbAQLP

exports[`#render it renders correctly 1`] = `
<div>
  <header
    className="main-header"
  >
    <div
      className="container"
    >
      <div
        className="main-header__content"
      >
        <div
          className="hidden-sm-up"
        >
          <a
            className="main-header__btn-menu icon icon-menu in-white"
            href="/#"
            onClick={[Function]}
          />
        </div>
        <a
          className="page-main-logo"
          href="/"
        />
        <div
          className="hidden-xs-down"
        >
          <button
            className="main-btn main-btn--transparent main-btn--md"
            type="button"
          />
          <a
            className="main-header__link"
            href="/log_in"
            onClick={[Function]}
          />
          <button
            className="main-btn main-btn--white main-btn--md"
            onClick={[Function]}
            type="button"
          />
        </div>
        <div
          className="hidden-sm-up"
        >
          <a
            className="main-header__search-btn icon icon-search"
            href="/"
          />
        </div>
      </div>
    </div>
  </header>
</div>
`;
