// Jest Snapshot v1, https://goo.gl/fbAQLP

exports[`#render it renders correctly 1`] = `
<Translate(WithFixedHeader)
  featuredApplications={
    Array [
      Object {
        "id": 1,
        "title": "Test1",
      },
    ]
  }
  fetch={[Function]}
  searchApplications={
    Array [
      Object {
        "id": 1,
        "title": "Test1",
      },
    ]
  }
  searchCategories={
    Array [
      Object {
        "id": 2,
        "title": "Test2",
      },
    ]
  }
/>
`;
