// Jest Snapshot v1, https://goo.gl/fbAQLP

exports[`#render it renders correctly 1`] = `
<div
  className="categories"
  style={Object {}}
>
  <h4
    className="categories-title"
  >
    categories.sidebarTitle
  </h4>
  <div>
    <CategoryLink
      category={
        Object {
          "id": 1,
          "title": "Test1",
        }
      }
    />
    <CategoryLink
      category={
        Object {
          "id": 2,
          "title": "Test2",
        }
      }
    />
  </div>
</div>
`;
