// Jest Snapshot v1, https://goo.gl/fbAQLP

exports[`#render it renders correctly 1`] = `
<div>
  <div>
    <Translate(Category)
      category={
        Object {
          "applications": Array [
            "app_one",
            "app_two",
          ],
          "id": 2,
          "title": "Test2",
        }
      }
      collapse={[Function]}
      expand={[Function]}
      verticalLayout={false}
    />
  </div>
</div>
`;
