// Jest Snapshot v1, https://goo.gl/fbAQLP

exports[`#render it renders correctly 1`] = `
<form
  onSubmit={[Function]}
>
  <div
    className="main-input mb-15"
  >
    <div
      className="main-input__field-box"
    >
      <input
        className="main-input__field"
        name="email"
        onChange={[Function]}
        type="text"
        value=""
      />
      <label
        className="main-input__label"
        htmlFor="email"
      >
        fields.email
      </label>
    </div>
  </div>
  <div
    className="d-flex"
  >
    <div
      className="main-input mb-15 mr-20"
    >
      <div
        className="main-input__field-box"
      >
        <input
          className="main-input__field"
          name="firstName"
          onChange={[Function]}
          type="text"
          value=""
        />
        <label
          className="main-input__label"
          htmlFor="firstName"
        >
          fields.firstName
        </label>
      </div>
    </div>
    <div
      className="main-input mb-15"
    >
      <div
        className="main-input__field-box"
      >
        <input
          className="main-input__field"
          name="lastName"
          onChange={[Function]}
          type="text"
          value=""
        />
        <label
          className="main-input__label"
          htmlFor="lastName"
        >
          fields.lastName
        </label>
      </div>
    </div>
  </div>
  <div
    className="main-input mb-20 with-icon"
  >
    <div
      className="main-input__field-box"
    >
      <i
        className="main-input__icon icon icon-eye"
        onClick={[Function]}
      />
      <input
        className="main-input__field"
        name="password"
        onChange={[Function]}
        type="password"
        value=""
      />
      <label
        className="main-input__label"
        htmlFor="password"
      >
        fields.password
      </label>
    </div>
  </div>
  <div
    className="main-input mb-20"
  >
    <div
      className="main-input__field-box"
    >
      <input
        className="main-input__field"
        name="passwordConfirmation"
        onChange={[Function]}
        type="password"
        value=""
      />
      <label
        className="main-input__label"
        htmlFor="passwordConfirmation"
      >
        fields.passwordConfirmation
      </label>
    </div>
  </div>
  <button
    className="main-btn main-btn--blue main-btn--lg w-100 mb-10"
    disabled={false}
    type="submit"
  >
    submit
  </button>
</form>
`;
