// Jest Snapshot v1, https://goo.gl/fbAQLP

exports[`#render it renders correctly 1`] = `
<div>
  <label
    className="checkbox"
    htmlFor="checkbox-test"
  >
    <input
      checked={false}
      className="checkbox__input"
      id="checkbox-test"
      name="test"
      type="checkbox"
    />
    <span
      className="checkbox__icon icon"
    />
    <span
      className="checkbox__text"
    >
      Test
    </span>
  </label>
</div>
`;
