// Jest Snapshot v1, https://goo.gl/fbAQLP

exports[`#render it renders correctly 1`] = `
<Modal
  autoFocus={true}
  backdrop={false}
  backdropTransitionTimeout={150}
  className="header-modal"
  fade={true}
  isOpen={false}
  keyboard={true}
  modalTransitionTimeout={300}
  toggle={[Function]}
  zIndex={1050}
>
  <Container
    tag="div"
  >
    <ModalHeader
      tag="h4"
      toggle={[Function]}
      wrapTag="div"
    />
    <div>
      <div>
        <Link
          href="/sign_in"
        >
          <a
            className="header-modal__link"
          />
        </Link>
        <Link
          href="/sign_up"
        >
          <a
            className="header-modal__link"
          />
        </Link>
      </div>
    </div>
  </Container>
</Modal>
`;
